12:13:23 **** Build of configuration Debug for project 004 HSE Measurement ****
make -j8 all 
arm-none-eabi-gcc "../Src/main.c" -mcpu=cortex-m4 -std=gnu11 -g3 -DDEBUG -DSTM32 -DSTM32F407G_DISC1 -DSTM32F4 -DSTM32F407VGTx -c -I../Inc -O0 -ffunction-sections -fdata-sections -Wall -fstack-usage -fcyclomatic-complexity -MMD -MP -MF"Src/main.d" -MT"Src/main.o" --specs=nano.specs -mfpu=fpv4-sp-d16 -mfloat-abi=hard -mthumb -o "Src/main.o"
arm-none-eabi-gcc -o "004 HSE Measurement.elf" @"objects.list"   -mcpu=cortex-m4 -T"D:\Programs\Embedded C\MCU1 Driver Development\MCU 1\004 HSE Measurement\STM32F407VGTX_FLASH.ld" --specs=nosys.specs -Wl,-Map="004 HSE Measurement.map" -Wl,--gc-sections -static --specs=nano.specs -mfpu=fpv4-sp-d16 -mfloat-abi=hard -mthumb -Wl,--start-group -lc -lm -Wl,--end-group
Finished building target: 004 HSE Measurement.elf
 
arm-none-eabi-size  004\ HSE\ Measurement.elf 
arm-none-eabi-objdump -h -S 004\ HSE\ Measurement.elf  > "004 HSE Measurement.list"
   text	   data	    bss	    dec	    hex	filename
    840	      0	   1568	   2408	    968	004 HSE Measurement.elf
Finished building: default.size.stdout
 
Finished building: 004 HSE Measurement.list
 

12:13:24 Build Finished. 0 errors, 0 warnings. (took 1s.792ms)

