11:09:24 **** Incremental Build of configuration Debug for project 003 HSI Measurement ****
make -j8 all 
arm-none-eabi-gcc "../Src/main.c" -mcpu=cortex-m4 -std=gnu11 -g3 -DDEBUG -DSTM32 -DSTM32F407G_DISC1 -DSTM32F4 -DSTM32F407VGTx -c -I../Inc -O0 -ffunction-sections -fdata-sections -Wall -fstack-usage -fcyclomatic-complexity -MMD -MP -MF"Src/main.d" -MT"Src/main.o" --specs=nano.specs -mfpu=fpv4-sp-d16 -mfloat-abi=hard -mthumb -o "Src/main.o"
arm-none-eabi-gcc -o "003 HSI Measurement.elf" @"objects.list"   -mcpu=cortex-m4 -T"D:\Programs\Embedded C\MCU1 Driver Development\MCU 1\003 HSI Measurement\STM32F407VGTX_FLASH.ld" --specs=nosys.specs -Wl,-Map="003 HSI Measurement.map" -Wl,--gc-sections -static --specs=nano.specs -mfpu=fpv4-sp-d16 -mfloat-abi=hard -mthumb -Wl,--start-group -lc -lm -Wl,--end-group
Finished building target: 003 HSI Measurement.elf
 
arm-none-eabi-size  003\ HSI\ Measurement.elf 
arm-none-eabi-objdump -h -S 003\ HSI\ Measurement.elf  > "003 HSI Measurement.list"
   text	   data	    bss	    dec	    hex	filename
    772	      0	   1568	   2340	    924	003 HSI Measurement.elf
Finished building: default.size.stdout
 
Finished building: 003 HSI Measurement.list
 
11:09:33 **** Incremental Build of configuration Debug for project 003 HSI Measurement ****
make -j8 all 
arm-none-eabi-size  003\ HSI\ Measurement.elf 
   text	   data	    bss	    dec	    hex	filename
    772	      0	   1568	   2340	    924	003 HSI Measurement.elf
Finished building: default.size.stdout
 
