23:31:07 **** Incremental Build of configuration Debug for project 001 Hello World ****
make -j8 all 
arm-none-eabi-gcc "../Src/main.c" -mcpu=cortex-m4 -std=gnu11 -g3 -DDEBUG -DSTM32 -DSTM32WB55CGUx -DSTM32WB -c -I../Inc -O0 -ffunction-sections -fdata-sections -Wall -fstack-usage -fcyclomatic-complexity -MMD -MP -MF"Src/main.d" -MT"Src/main.o" --specs=nano.specs -mfloat-abi=soft -mthumb -o "Src/main.o"
arm-none-eabi-gcc -o "001 Hello World.elf" @"objects.list"   -mcpu=cortex-m4 -T"D:\Programs\Embedded C\MCU1 Driver Development\MCU 1\001 Hello World\STM32WB55CGUX_FLASH.ld" --specs=nosys.specs -Wl,-Map="001 Hello World.map" -Wl,--gc-sections -static --specs=nano.specs -mfloat-abi=soft -mthumb -Wl,--start-group -lc -lm -Wl,--end-group
Finished building target: 001 Hello World.elf
 
arm-none-eabi-size  001\ Hello\ World.elf 
arm-none-eabi-objdump -h -S 001\ Hello\ World.elf  > "001 Hello World.list"
   text	   data	    bss	    dec	    hex	filename
    608	      0	   1568	   2176	    880	001 Hello World.elf
Finished building: default.size.stdout
 
Finished building: 001 Hello World.list
 
23:33:32 **** Incremental Build of configuration Debug for project 002 PeriClockEnable ****
make -j8 all 
arm-none-eabi-size  002\ PeriClockEnable.elf 
   text	   data	    bss	    dec	    hex	filename
    696	      0	   1568	   2264	    8d8	002 PeriClockEnable.elf
Finished building: default.size.stdout
 
